// Jest Snapshot v1, https://goo.gl/fbAQLP

exports[`
Loading component should render a loading component 1`] = `
<div>
  <div
    data-testid="loading"
    style="fill: #000000; height: 20%; width: 20%;"
  >
    <svg
      class="icon-blank"
      viewBox="0 0 32 32"
      xmlns="http://www.w3.org/2000/svg"
    />
    

  </div>
</div>
`;
